// Jest Snapshot v1, https://goo.gl/fbAQLP

exports[`return content from Routes matches snapshot 1`] = `
<div>
  <div
    class="Navbar"
  >
    <a
      class="logo"
      href="/"
    >
      Math Magicians
    </a>
    <nav>
      <a
        href="/"
      >
        Home
      </a>
      <a
        href="/calculator"
      >
        Calculator
      </a>
      <a
        href="/quotes"
      >
        Quotes
      </a>
    </nav>
  </div>
  <div
    class="Home"
  >
    <h1>
      Welcome to our page
    </h1>
    <p>
      Lorem ipsum odor amet, consectetuer adipiscing elit. Facilisi sollicitudin purus auctor at cursus amet auctor lobortis velit. Fames nisi ullamcorper gravida cubilia conubia accumsan vitae sollicitudin. Quisque vulputate habitasse libero dapibus primis facilisis elementum. Quam est ex porttitor senectus congue magna lacinia. Morbi torquent convallis rutrum sit, dui cubilia quisque venenatis. Velit nullam aliquam posuere himenaeos felis proin magnis ultricies. Convallis malesuada aenean diam est quam.
    </p>
    <p>
      Erat quisque etiam consequat facilisis quisque; adipiscing mauris erat. Congue est dapibus sit eu mi non class felis ridiculus. Gravida nullam egestas suscipit parturient maximus malesuada. Sit viverra nascetur elementum tristique platea nullam molestie. Dui aptent fermentum condimentum efficitur eu ad phasellus nascetur. Litora himenaeos convallis magnis neque curae condimentum maximus. Fringilla dolor nulla dis ante congue nec montes ut.
    </p>
  </div>
</div>
`;
